// Jest Snapshot v1, https://goo.gl/fbAQLP

exports[`<ProgressBar /> should match snapshot 1`] = `
<div
  aria-valuemax={100}
  aria-valuemin={0}
  aria-valuenow={57}
  className="progress-bar"
  data-testid="progress-bar"
  role="progressbar"
  style={
    Object {
      "backgroundColor": "blue",
    }
  }
>
  <div
    className="progress-bar__track"
    data-testid="progress-bar.track"
    style={
      Object {
        "backgroundColor": "orange",
        "width": "57%",
      }
    }
  />
</div>
`;
