// Jest Snapshot v1, https://goo.gl/fbAQLP

exports[`<RadioGroup /> should match snapshot 1`] = `
<ul
  className="list radio-group"
  data-testid="radio-group"
>
  <li
    className="list-item radio-group__item"
  >
    <label
      className="radio-input-label"
      data-testid="radio-group.item-0"
      htmlFor="radio-input"
    >
      <input
        checked={false}
        className="radio-input"
        id="radio-input"
        name="radio-input"
        onChange={[Function]}
        type="radio"
        value="test.1"
      />
      <span
        className="radio-input-label__icon"
      />
      <p
        data-testid="radio-input.content-0"
      >
        Test 1
      </p>
    </label>
  </li>
  <li
    className="list-item radio-group__item"
  >
    <label
      className="radio-input-label"
      data-testid="radio-group.item-1"
      htmlFor="radio-input"
    >
      <input
        checked={false}
        className="radio-input"
        id="radio-input"
        name="radio-input"
        onChange={[Function]}
        type="radio"
        value="test.2"
      />
      <span
        className="radio-input-label__icon"
      />
      <p
        data-testid="radio-input.content-1"
      >
        Test 2
      </p>
    </label>
  </li>
  <li
    className="list-item radio-group__item"
  >
    <label
      className="radio-input-label"
      data-testid="radio-group.item-2"
      htmlFor="radio-input"
    >
      <input
        checked={false}
        className="radio-input"
        id="radio-input"
        name="radio-input"
        onChange={[Function]}
        type="radio"
        value="test.3"
      />
      <span
        className="radio-input-label__icon"
      />
      <p
        data-testid="radio-input.content-2"
      >
        Test 3
      </p>
    </label>
  </li>
</ul>
`;
