// Jest Snapshot v1, https://goo.gl/fbAQLP

exports[`<PasswordInput /> should match snapshot 1`] = `
<div
  className="input-container password-input input-container--type-password"
  data-testid="password-input"
>
  <input
    autoComplete="off"
    autoCorrect="off"
    className="input"
    name="password-input"
    onChange={[Function]}
    placeholder="Test"
    type="password"
  />
  <span
    className="input-container__icon input-container__right-icon"
  >
    <button
      aria-label="Show password"
      className="button password-input__icon"
      data-testid="password-input-password-visibility-icon"
      disabled={false}
      onClick={[Function]}
      type="button"
    >
      <svg
        data-testid="password-input.reveal"
        height="16"
        width="16"
      >
        <circle
          cx="50"
          cy="50"
          fill="green"
          r="40"
          stroke="black"
          strokeWidth="3"
        />
      </svg>
    </button>
  </span>
</div>
`;
