// Jest Snapshot v1, https://goo.gl/fbAQLP

exports[`<FormField /> should match snapshot 1`] = `
<div
  className="form-field"
  data-testid="form-field"
>
  <label
    className="form-field__label"
  >
    <div
      className="input-container input-container--type-text"
      data-testid="form-field.input"
    >
      <input
        autoComplete="off"
        autoCorrect="off"
        className="input"
        name="test"
        onChange={[Function]}
        type="text"
      />
    </div>
  </label>
</div>
`;
