// Jest Snapshot v1, https://goo.gl/fbAQLP

exports[`<CheckboxInput /> should matches snapshot 1`] = `
<label
  className="checkbox-input-label"
  data-testid="checkbox-input"
  htmlFor="checkbox-input"
>
  <input
    checked={false}
    className="checkbox-input"
    id="checkbox-input"
    name="checkbox-input"
    onChange={[Function]}
    type="checkbox"
    value="Test"
  />
  <span
    className="checkbox-input-label__icon"
  >
    <svg />
  </span>
  <p
    data-testid="checkbox-input.content"
  >
    Test
  </p>
</label>
`;
